22:06:29 **** Build of configuration Debug for project xiicps_polled_master_example_1 ****
make all 
make --no-print-directory pre-build
a9-linaro-pre-build-step
' '
make --no-print-directory main-build
'Building file: ../src/xiicps_polled_master_example.c'
'Invoking: ARM v7 gcc compiler'
arm-none-eabi-gcc -Wall -O0 -g3 -c -fmessage-length=0 -MT"src/xiicps_polled_master_example.o" -mcpu=cortex-a9 -mfpu=vfpv3 -mfloat-abi=hard -IC:/Users/Ckrvxr/Desktop/circuit_simulation/vitis/All_desing_wrapper/export/All_desing_wrapper/sw/All_desing_wrapper/freertos10_xilinx_ps7_cortexa9_1/bspinclude/include -MMD -MP -MF"src/xiicps_polled_master_example.d" -MT"src/xiicps_polled_master_example.o" -o "src/xiicps_polled_master_example.o" "../src/xiicps_polled_master_example.c"
'Finished building: ../src/xiicps_polled_master_example.c'
' '
'Building target: xiicps_polled_master_example_1.elf'
'Invoking: ARM v7 gcc linker'
arm-none-eabi-gcc -mcpu=cortex-a9 -mfpu=vfpv3 -mfloat-abi=hard -Wl,-build-id=none -specs=Xilinx.spec -Wl,-T -Wl,../src/lscript.ld -LC:/Users/Ckrvxr/Desktop/circuit_simulation/vitis/All_desing_wrapper/export/All_desing_wrapper/sw/All_desing_wrapper/freertos10_xilinx_ps7_cortexa9_1/bsplib/lib -o "xiicps_polled_master_example_1.elf"  ./src/xiicps_polled_master_example.o   -Wl,--start-group,-lxil,-lfreertos,-lgcc,-lc,--end-group -Wl,--start-group,-lxiltimer,-lxil,-lgcc,-lc,--end-group
'Finished building target: xiicps_polled_master_example_1.elf'
' '
'Invoking: ARM v7 Print Size'
arm-none-eabi-size xiicps_polled_master_example_1.elf  |tee "xiicps_polled_master_example_1.elf.size"
   text	   data	    bss	    dec	    hex	filename
  90820	   3372	  89104	 183296	  2cc00	xiicps_polled_master_example_1.elf
'Finished building: xiicps_polled_master_example_1.elf.size'
' '

22:06:31 Build Finished (took 1s.883ms)

