21:46:04 **** Build of configuration Debug for project xiicps_selftest_example_1 ****
make all 
make --no-print-directory pre-build
a9-linaro-pre-build-step
' '
make --no-print-directory main-build
'Building file: ../src/xiicps_selftest_example.c'
'Invoking: ARM v7 gcc compiler'
arm-none-eabi-gcc -Wall -O0 -g3 -c -fmessage-length=0 -MT"src/xiicps_selftest_example.o" -mcpu=cortex-a9 -mfpu=vfpv3 -mfloat-abi=hard -IC:/Users/Ckrvxr/Desktop/circuit_simulation/vitis/All_desing_wrapper/export/All_desing_wrapper/sw/All_desing_wrapper/standalone_ps7_cortexa9_0/bspinclude/include -MMD -MP -MF"src/xiicps_selftest_example.d" -MT"src/xiicps_selftest_example.o" -o "src/xiicps_selftest_example.o" "../src/xiicps_selftest_example.c"
'Finished building: ../src/xiicps_selftest_example.c'
' '
'Building target: xiicps_selftest_example_1.elf'
'Invoking: ARM v7 gcc linker'
arm-none-eabi-gcc -mcpu=cortex-a9 -mfpu=vfpv3 -mfloat-abi=hard -Wl,-build-id=none -specs=Xilinx.spec -Wl,-T -Wl,../src/lscript.ld -LC:/Users/Ckrvxr/Desktop/circuit_simulation/vitis/All_desing_wrapper/export/All_desing_wrapper/sw/All_desing_wrapper/standalone_ps7_cortexa9_0/bsplib/lib -o "xiicps_selftest_example_1.elf"  ./src/xiicps_selftest_example.o   -Wl,--start-group,-lxil,-lgcc,-lc,--end-group
'Finished building target: xiicps_selftest_example_1.elf'
' '
'Invoking: ARM v7 Print Size'
arm-none-eabi-size xiicps_selftest_example_1.elf  |tee "xiicps_selftest_example_1.elf.size"
   text	   data	    bss	    dec	    hex	filename
  24965	   1160	  22648	  48773	   be85	xiicps_selftest_example_1.elf
'Finished building: xiicps_selftest_example_1.elf.size'
' '

21:46:07 Build Finished (took 2s.885ms)

